// Jest Snapshot v1, https://goo.gl/fbAQLP

exports[`features/activity-feed/comment/InlineEdit should correctly render comment 1`] = `
ShallowWrapper {
  "length": 1,
  Symbol(enzyme.__root__): [Circular],
  Symbol(enzyme.__unrendered__): <InlineEdit
    id="123"
    intl={
      Object {
        "formatMessage": [Function],
      }
    }
    toEdit={[Function]}
  />,
  Symbol(enzyme.__renderer__): Object {
    "batchedUpdates": [Function],
    "getNode": [Function],
    "render": [Function],
    "simulateEvent": [Function],
    "unmount": [Function],
  },
  Symbol(enzyme.__node__): Object {
    "instance": null,
    "key": undefined,
    "nodeType": "host",
    "props": Object {
      "children": <PlainButton
        aria-label={undefined}
        className="box-ui-comment-edit"
        onClick={[Function]}
        type="button"
      >
        <IconPencil />
      </PlainButton>,
      "className": "box-ui-comment-edit-container",
    },
    "ref": null,
    "rendered": Object {
      "instance": null,
      "key": undefined,
      "nodeType": "function",
      "props": Object {
        "aria-label": undefined,
        "children": <IconPencil />,
        "className": "box-ui-comment-edit",
        "onClick": [Function],
        "type": "button",
      },
      "ref": null,
      "rendered": Object {
        "instance": null,
        "key": undefined,
        "nodeType": "function",
        "props": Object {},
        "ref": null,
        "rendered": null,
        "type": [Function],
      },
      "type": [Function],
    },
    "type": "div",
  },
  Symbol(enzyme.__nodes__): Array [
    Object {
      "instance": null,
      "key": undefined,
      "nodeType": "host",
      "props": Object {
        "children": <PlainButton
          aria-label={undefined}
          className="box-ui-comment-edit"
          onClick={[Function]}
          type="button"
        >
          <IconPencil />
        </PlainButton>,
        "className": "box-ui-comment-edit-container",
      },
      "ref": null,
      "rendered": Object {
        "instance": null,
        "key": undefined,
        "nodeType": "function",
        "props": Object {
          "aria-label": undefined,
          "children": <IconPencil />,
          "className": "box-ui-comment-edit",
          "onClick": [Function],
          "type": "button",
        },
        "ref": null,
        "rendered": Object {
          "instance": null,
          "key": undefined,
          "nodeType": "function",
          "props": Object {},
          "ref": null,
          "rendered": null,
          "type": [Function],
        },
        "type": [Function],
      },
      "type": "div",
    },
  ],
  Symbol(enzyme.__options__): Object {
    "adapter": ReactSixteenAdapter {
      "options": Object {
        "enableComponentDidUpdateOnSetState": true,
      },
    },
  },
}
`;
