// Jest Snapshot v1, https://goo.gl/fbAQLP

exports[`features/activity-feed/version/VersionError should correctly render error message 1`] = `
<div
  className="bcs-version error"
>
  <span
    className="bcs-version-message"
  >
    <FormattedMessage />
  </span>
</div>
`;
